// Jest Snapshot v1, https://goo.gl/fbAQLP

exports[`CICS install transaction command should be able to display the help 1`] = `
"
 COMMAND NAME
 ------------

   transaction | tran

 DESCRIPTION
 -----------

   Install a transaction to CICS.

 USAGE
 -----

   zowe cics install transaction <transactionName> <csdGroup> [options]

 POSITIONAL ARGUMENTS
 --------------------

   transactionName		 (string)

      The name of the transaction to install. The maximum length of the transaction
      name is four characters.

   csdGroup		 (string)

      The CICS system definition (CSD) Group for the transaction that you want to
      install. The maximum length of the group name is eight characters.

 OPTIONS
 -------

   --region-name  (string)

      The CICS region name to which to install the transaction

   --cics-plex  (string)

      The name of the CICSPlex to which to install the transaction

 CICS CONNECTION OPTIONS
 -----------------------

   --host  | -H (string)

      The CICS server host name.

   --port  | -P (number)

      The CICS server port.

      Default value: 443

   --user  | -u (string)

      Mainframe (CICS) user name, which can be the same as your TSO login.

   --password  | --pw (string)

      Mainframe (CICS) password, which can be the same as your TSO password.

   --reject-unauthorized  | --ru (boolean)

      Reject self-signed certificates.

      Default value: true

   --protocol  | -o (string)

      Specifies CMCI protocol (http or https).

      Default value: http
      Allowed values: http, https

 PROFILE OPTIONS
 ---------------

   --cics-profile  | --cics-p (string)

      The name of a (cics) profile to load for this command execution.

 GLOBAL OPTIONS
 --------------

   --response-format-json  | --rfj (boolean)

      Produce JSON formatted data from a command

   --help  | -h (boolean)

      Display help text


 EXAMPLES
 --------

   - Install a transaction named TRN1 to the region named
   MYREGION in the CSD group MYGRP:

      $ zowe cics install transaction TRN1 MYGRP --region-name MYREGION

"
`;
