// Jest Snapshot v1, https://goo.gl/fbAQLP

exports[`CICS discard program command should be able to display the help 1`] = `
"
 COMMAND NAME
 ------------

   program | prog

 DESCRIPTION
 -----------

   Discard a program from CICS.

 USAGE
 -----

   zowe cics discard program <programName> [options]

 POSITIONAL ARGUMENTS
 --------------------

   programName		 (string)

      The name of the program to discard. The maximum length of the program name is
      eight characters.

 OPTIONS
 -------

   --region-name  (string)

      The CICS region name from which to discard the program

   --cics-plex  (string)

      The name of the CICSPlex from which to discard the program

 CICS CONNECTION OPTIONS
 -----------------------

   --host  | -H (string)

      The CICS server host name.

   --port  | -P (number)

      The CICS server port.

      Default value: 443

   --user  | -u (string)

      Mainframe (CICS) user name, which can be the same as your TSO login.

   --password  | --pw (string)

      Mainframe (CICS) password, which can be the same as your TSO password.

   --reject-unauthorized  | --ru (boolean)

      Reject self-signed certificates.

      Default value: true

   --protocol  | -o (string)

      Specifies CMCI protocol (http or https).

      Default value: http
      Allowed values: http, https

 PROFILE OPTIONS
 ---------------

   --cics-profile  | --cics-p (string)

      The name of a (cics) profile to load for this command execution.

 GLOBAL OPTIONS
 --------------

   --response-format-json  | --rfj (boolean)

      Produce JSON formatted data from a command

   --help  | -h (boolean)

      Display help text


 EXAMPLES
 --------

   - Discard a program named PGM123 from the region named
   MYREGION:

      $ zowe cics discard program PGM123 --region-name MYREGION

"
`;
