// Jest Snapshot v1, https://goo.gl/fbAQLP

exports[`CICS define web service command should be able to display the help 1`] = `
"
 COMMAND NAME
 ------------

   webservice | web

 DESCRIPTION
 -----------

   Define a new web service to CICS.

 USAGE
 -----

   zowe cics define webservice <webserviceName> <csdGroup> [options]

 POSITIONAL ARGUMENTS
 --------------------

   webserviceName		 (string)

      The name of the WEBSERVICE to create. The maximum length of the web service name
      is eight characters.

   csdGroup		 (string)

      The CICS system definition (CSD) Group for the new web service that you want to
      define. The maximum length of the group name is eight characters.

 REQUIRED OPTIONS
 ----------------

   --pipeline-name | --pn (string)

      The name of the PIPELINE resource definition for the web service. The maximum
      length of the pipeline name is eight characters

   --wsbind (string)

      The file name of the web service binding file on HFS.

 OPTIONS
 -------

   --description | --desc (string)

      Description of the web service resource being defined.

   --validation (boolean)

      Specifies whether full validation of SOAP messages against the corresponding
      schema in the web service description should be performed at run time.

      Default value: false

   --wsdlfile | --wsdl (string)

      The file name of the web service description (WSDL) file on HFS.

   --region-name (string)

      The CICS region name to which to define the new web service.

   --cics-plex (string)

      The name of the CICSPlex to which to define the new web service.

 CICS CONNECTION OPTIONS
 -----------------------

   --host | -H (string)

      The CICS server host name.

   --port | -P (number)

      The CICS server port.

      Default value: 443

   --user | -u (string)

      Mainframe (CICS) user name, which can be the same as your TSO login.

   --password | --pw (string)

      Mainframe (CICS) password, which can be the same as your TSO password.

   --reject-unauthorized | --ru (boolean)

      Reject self-signed certificates.

      Default value: true

   --protocol | -o (string)

      Specifies CMCI protocol (http or https).

      Default value: https
      Allowed values: http, https

 PROFILE OPTIONS
 ---------------

   --cics-profile | --cics-p (string)

      The name of a (cics) profile to load for this command execution.

   --base-profile | --base-p (string)

      The name of a (base) profile to load for this command execution.

 BASE CONNECTION OPTIONS
 -----------------------

   --token-type | --tt (string)

      The type of token to get and use for the API. Omit this option to use the
      default token type, which is provided by 'zowe auth login'.

   --token-value | --tv (string)

      The value of the token to pass to the API.

   --cert-file (local file path)

      The file path to a certificate file to use for authentication

   --cert-key-file (local file path)

      The file path to a certificate key file to use for authentication

 GLOBAL OPTIONS
 --------------

   --response-format-json | --rfj (boolean)

      Produce JSON formatted data from a command

   --help | -h (boolean)

      Display help text

   --help-examples (boolean)

      Display examples for all the commands in a group

   --help-web | --hw (boolean)

      Display HTML help in browser

 EXAMPLES
 --------

   - Define a webservice named WEBSVCA for the pipeline named
   PIPE123 to the region named MYREGION in the CSD group MYGRP where the binding
   file is /u/exampleapp/wsbind/example.log:

      $ zowe cics define webservice WEBSVCA MYGRP --pipeline-name PIPELINE --wsbind /u/exampleapp/wsbind/example.log --region-name MYREGION

"
`;
