// Jest Snapshot v1, https://goo.gl/fbAQLP

exports[`CICS remove-from-list csdGroup command should be able to display the help 1`] = `
"
 COMMAND NAME
 ------------

   csdGroup | csdg

 DESCRIPTION
 -----------

   Remove a CSD Group from a CICS CSD List.

 USAGE
 -----

   zowe cics remove-from-list csdGroup <name> <csdList> [options]

 POSITIONAL ARGUMENTS
 --------------------

   name		 (string)

      The name of the CSD Group to remove. The maximum length of the CSD Group name is
      eight characters

   csdList		 (string)

      The name of the CSD List to remove the group from. The maximum length of the CSD
      List name is eight characters

 OPTIONS
 -------

   --region-name (string)

      The CICS region name to which to remove the CSD Group from the CSD List

   --cics-plex (string)

      The name of the CICSPlex to which to remove the CSD Group from the CSD List

 CICS CONNECTION OPTIONS
 -----------------------

   --host | -H (string)

      The CICS server host name.

   --port | -P (number)

      The CICS server port.

      Default value: 443

   --user | -u (string)

      Mainframe (CICS) user name, which can be the same as your TSO login.

   --password | --pw (string)

      Mainframe (CICS) password, which can be the same as your TSO password.

   --reject-unauthorized | --ru (boolean)

      Reject self-signed certificates.

      Default value: true

   --protocol | -o (string)

      Specifies CMCI protocol (http or https).

      Default value: https
      Allowed values: http, https

 PROFILE OPTIONS
 ---------------

   --cics-profile | --cics-p (string)

      The name of a (cics) profile to load for this command execution.

   --base-profile | --base-p (string)

      The name of a (base) profile to load for this command execution.

 BASE CONNECTION OPTIONS
 -----------------------

   --token-type | --tt (string)

      The type of token to get and use for the API. Omit this option to use the
      default token type, which is provided by 'zowe auth login'.

   --token-value | --tv (string)

      The value of the token to pass to the API.

   --cert-file (local file path)

      The file path to a certificate file to use for authentication

   --cert-key-file (local file path)

      The file path to a certificate key file to use for authentication

 GLOBAL OPTIONS
 --------------

   --show-inputs-only (boolean)

      Show command inputs and do not run the command

   --response-format-json | --rfj (boolean)

      Produce JSON formatted data from a command

   --help | -h (boolean)

      Display help text

   --help-web | --hw (boolean)

      Display HTML help in browser

 EXAMPLES
 --------

   - Remove the CSD Group MYGRP from the CSD List MYLIST in the
   region named MYREG:

      $ zowe cics remove-from-list csdGroup MYGRP MYLIST --region-name MYREG

"
`;
