// Jest Snapshot v1, https://goo.gl/fbAQLP

exports[`CICS define urimap-pipeline command should be able to display the help 1`] = `
"
 COMMAND NAME
 ------------

   urimap-pipeline | up

 DESCRIPTION
 -----------

   Define a new URIMAP of type pipeline to CICS. This processes incoming HTTP(S)
   requests

 USAGE
 -----

   zowe cics define urimap-pipeline <urimapName> <csdGroup> [options]

 POSITIONAL ARGUMENTS
 --------------------

   urimapName		 (string)

      The name of the URIMAP to create. The maximum length of the urimap name is eight
      characters.

   csdGroup		 (string)

      The CICS system definition (CSD) Group for the new urimap that you want to
      define. The maximum length of the group name is eight characters.

 REQUIRED OPTIONS
 ----------------

   --urimap-path  | --up (string)

      The path component of the URI.

   --urimap-host  | --uh (string)

      The host component of the URI.

   --pipeline-name  | --pn (string)

      The name of the PIPELINE resource definition for the URIMAP. The maximum length
      of the pipeline name is eight characters.

 OPTIONS
 -------

   --urimap-scheme  | --us (string)

      The scheme component to be used with the request (http or https).

      Default value: https
      Allowed values: http, https

   --description  | --desc (string)

      Description of the URIMAP resource being defined.

   --transaction-name  | --tn (string)

      The name of the TRANSACTION resource definition for the URIMAP. The maximum
      length of the transaction name is four characters.

   --webservice-name  | --wn (string)

      The name of the WEBSERVICE resource definition for the URIMAP. The maximum
      length of the transaction name is 32 characters.

   --tcpipservice  | --tcpip (string)

      The TCPIPSERVICE to which the URIMAP definition applies.

   --region-name  (string)

      The CICS region name to which to define the new URIMAP.

   --cics-plex  (string)

      The name of the CICSPlex to which to define the new URIMAP.

   --enable  (boolean)

      Whether or not the URIMAP is to be enabled on install by default.

      Default value: true

 CICS CONNECTION OPTIONS
 -----------------------

   --host  | -H (string)

      The CICS server host name.

   --port  | -P (number)

      The CICS server port.

      Default value: 443

   --user  | -u (string)

      Mainframe (CICS) user name, which can be the same as your TSO login.

   --password  | --pw (string)

      Mainframe (CICS) password, which can be the same as your TSO password.

   --reject-unauthorized  | --ru (boolean)

      Reject self-signed certificates.

      Default value: true

   --protocol  | -o (string)

      Specifies CMCI protocol (http or https).

      Default value: https
      Allowed values: http, https

 PROFILE OPTIONS
 ---------------

   --cics-profile  | --cics-p (string)

      The name of a (cics) profile to load for this command execution.

   --base-profile  | --base-p (string)

      The name of a (base) profile to load for this command execution.

 BASE CONNECTION OPTIONS
 -----------------------

   --token-type  | --tt (string)

      The type of token to get and use for the API. Omit this option to use the
      default token type, which is provided by 'zowe auth login'.

   --token-value  | --tv (string)

      The value of the token to pass to the API.

   --cert-file  (local file path)

      The file path to a certificate file to use for authentication

   --cert-key-file  (local file path)

      The file path to a certificate key file to use for authentication

 GLOBAL OPTIONS
 --------------

   --response-format-json  | --rfj (boolean)

      Produce JSON formatted data from a command

   --help  | -h (boolean)

      Display help text

   --help-examples  (boolean)

      Display examples for all the commands in a group

   --help-web  | --hw (boolean)

      Display HTML help in browser

 EXAMPLES
 --------

   - Define a URIMAP named URIMAPA for the pipeline named
   PIPE123 to the region named MYREGION in the CSD group MYGRP where the host is
   www.example.com and the path is /example/index.html:

      $ zowe cics define urimap-pipeline URIMAPA MYGRP --urimap-path /example/index.html --urimap-host www.example.com --pipeline-name PIPE123 --region-name MYREGION

"
`;
