// Jest Snapshot v1, https://goo.gl/fbAQLP

exports[`CICS disable urimap command should be able to display the help 1`] = `
"
 COMMAND NAME
 ------------

   urimap

 DESCRIPTION
 -----------

   Disable a urimap from CICS.

 USAGE
 -----

   zowe cics disable urimap <urimapName> [options]

 POSITIONAL ARGUMENTS
 --------------------

   urimapName		 (string)

      The name of the urimap to disable. The maximum length of the urimap name is
      eight characters.

 OPTIONS
 -------

   --region-name (string)

      The CICS region name in which to disable the urimap

 CICS CONNECTION OPTIONS
 -----------------------

   --host | -H (string)

      The CICS server host name.

   --port | -P (number)

      The CICS server port.

      Default value: 443

   --user | -u (string)

      Mainframe (CICS) user name, which can be the same as your TSO login.

   --password | --pw (string)

      Mainframe (CICS) password, which can be the same as your TSO password.

   --reject-unauthorized | --ru (boolean)

      Reject self-signed certificates.

      Default value: true

   --protocol | -o (string)

      Specifies CMCI protocol (http or https).

      Default value: https
      Allowed values: http, https

 PROFILE OPTIONS
 ---------------

   --cics-profile | --cics-p (string)

      The name of a (cics) profile to load for this command execution.

   --base-profile | --base-p (string)

      The name of a (base) profile to load for this command execution.

 BASE CONNECTION OPTIONS
 -----------------------

   --token-type | --tt (string)

      The type of token to get and use for the API. Omit this option to use the
      default token type, which is provided by 'zowe auth login'.

   --token-value | --tv (string)

      The value of the token to pass to the API.

   --cert-file (local file path)

      The file path to a certificate file to use for authentication

   --cert-key-file (local file path)

      The file path to a certificate key file to use for authentication

 GLOBAL OPTIONS
 --------------

   --response-format-json | --rfj (boolean)

      Produce JSON formatted data from a command

   --help | -h (boolean)

      Display help text

   --help-examples (boolean)

      Display examples for all the commands in a group

   --help-web | --hw (boolean)

      Display HTML help in browser

 EXAMPLES
 --------

   - Disable a urimap named URIMAPA from the region named
   MYREGION:

      $ zowe cics disable urimap URIMAPA --region-name MYREGION

"
`;
