// Jest Snapshot v1, https://goo.gl/fbAQLP

exports[`CICS delete transaction command should be able to display the help 1`] = `
"
 COMMAND NAME
 ------------

   transaction | tran

 DESCRIPTION
 -----------

   Delete a transaction from CICS.

 USAGE
 -----

   zowe cics delete transaction <transactionName> <csdGroup> [options]

 POSITIONAL ARGUMENTS
 --------------------

   transactionName		 (string)

      The name of the transaction to delete. The maximum length of the transaction
      name is four characters.

   csdGroup		 (string)

      The CICS system definition (CSD) Group for the transaction that you want to
      delete. The maximum length of the group name is eight characters.

 OPTIONS
 -------

   --region-name  (string)

      The CICS region name from which to delete the transaction

   --cics-plex  (string)

      The name of the CICSPlex from which to delete the transaction

 CICS CONNECTION OPTIONS
 -----------------------

   --host  | -H (string)

      The CICS server host name.

   --port  | -P (number)

      The CICS server port.

      Default value: 443

   --user  | -u (string)

      Mainframe (CICS) user name, which can be the same as your TSO login.

   --password  | --pw (string)

      Mainframe (CICS) password, which can be the same as your TSO password.

   --reject-unauthorized  | --ru (boolean)

      Reject self-signed certificates.

      Default value: true

   --protocol  | -o (string)

      Specifies CMCI protocol (http or https).

      Default value: http
      Allowed values: http, https

 PROFILE OPTIONS
 ---------------

   --cics-profile  | --cics-p (string)

      The name of a (cics) profile to load for this command execution.

 GLOBAL OPTIONS
 --------------

   --response-format-json  | --rfj (boolean)

      Produce JSON formatted data from a command

   --help  | -h (boolean)

      Display help text

   --help-web  | --hw (boolean)

      Display HTML help in browser

 EXAMPLES
 --------

   - Delete a transaction named TRN1 from the region named
   MYREGION:

      $ zowe cics delete transaction TRN1 MYGRP --region-name MYREGION

"
`;
